
 Start  Stop   Length Name                   Class
 00000H 00030H 00031H TEST                   CODE
 00031H 00E2FH 00DFFH DRIVERS_TEXT           CODE
 00E30H 01337H 00508H ASUPPORT_TEXT          CODE
 01338H 014A5H 0016EH ALLOC_TEXT             CODE
 014A6H 015ABH 00106H NET_TEXT               CODE
 015ACH 017DCH 00231H FILESYS_TEXT           CODE
 017DEH 02A75H 01298H ERRSYS_TEXT            CODE
 02A76H 04331H 018BCH MAIN_TEXT              CODE
 04332H 05683H 01352H STACK_TEXT             CODE
 05684H 070FDH 01A7AH OPS_TEXT               CODE
 070FEH 0C0C5H 04FC8H DB_TEXT                CODE
 0C0C6H 0C67BH 005B6H DBSDF_TEXT             CODE
 0C67CH 0C91FH 002A4H DBMEMO_TEXT            CODE
 0C920H 0CF21H 00602H SYMSYS_TEXT            CODE
 0CF22H 0D4C1H 005A0H MEMSYS_TEXT            CODE
 0D4C2H 0DE57H 00996H SET_TEXT               CODE
 0DE58H 0F027H 011D0H REEF_TEXT              CODE
 0F028H 0F7E1H 007BAH DISKIO_TEXT            CODE
 0F7E2H 11E4BH 0266AH NTX_TEXT               CODE
 11E4CH 12CA7H 00E5CH ICREATE_TEXT           CODE
 12CA8H 14FC9H 02322H MACRO_TEXT             CODE
 14FCAH 19787H 047BEH TERM_TEXT              CODE
 19788H 19A16H 0028FH NATION_TEXT            CODE
 19A18H 1AFC9H 015B2H CSUPPORT_TEXT          CODE
 1AFCAH 1B723H 0075AH SORT_TEXT              CODE
 1B724H 1C28DH 00B6AH SORTOF_TEXT            CODE
 1C28EH 1C29BH 0000EH NDEBUG_TEXT            CODE
 1C29CH 1D1C2H 00F27H PLANKTON_TEXT          CODE
 1D1C4H 1D1C4H 00000H ALGAE_TEXT             CODE
 1D1C4H 1D1DEH 0001BH SEGJUNK_TEXT           CODE
 1D1E0H 1D209H 0002AH ERRORSYS               CODE
 1D210H 1D29CH 0008DH EXPR_ERROR             CODE
 1D2A0H 1D32DH 0008EH UNDEF_ERRO             CODE
 1D330H 1D3B0H 00081H MISC_ERROR             CODE
 1D3C0H 1D4DBH 0011CH OPEN_ERROR             CODE
 1D4E0H 1D55CH 0007DH DB_ERROR               CODE
 1D560H 1D63BH 000DCH PRINT_ERRO             CODE
 1D63CH 207BEH 03183H _TEXT                  CODE
 207C0H 20C4BH 0048CH DVC_TEXT               CODE
 20C4CH 20C4CH 00000H C_ETEXT                ENDCODE
 20C50H 20C50H 00000H _SYMSTART              SYMSTART
 20C50H 20C8FH 00040H SYMBOLS                SYMBOLS
 20C90H 20D9FH 00110H SYMBOLS                SYMBOLS
 20DA0H 20DA0H 00000H _SYMEND                SYMEND
 20DA0H 20DA0H 00000H _FAR_DATA              FAR_DATA
 20DA0H 20DA0H 00000H _FAR_BSS               FAR_BSS
 20DA0H 20DE1H 00042H NULL                   BEGDATA
 20DE2H 23955H 02B74H _DATA                  DATA
 23960H 23D1FH 003C0H $LIB_TABLE             DATA
 23D20H 23D2DH 0000EH CDATA                  DATA
 23D2EH 23D2EH 00000H XIFB                   DATA
 23D2EH 23D2EH 00000H XIF                    DATA
 23D2EH 23D2EH 00000H XIFE                   DATA
 23D2EH 23D2EH 00000H XIB                    DATA
 23D2EH 23D2EH 00000H XI                     DATA
 23D2EH 23D2EH 00000H XIE                    DATA
 23D2EH 23D2EH 00000H XPB                    DATA
 23D2EH 23D2EH 00000H XP                     DATA
 23D2EH 23D2EH 00000H XPE                    DATA
 23D2EH 23D2EH 00000H XCB                    DATA
 23D2EH 23D2EH 00000H XC                     DATA
 23D2EH 23D2EH 00000H XCE                    DATA
 23D2EH 23D2EH 00000H XCFB                   DATA
 23D2EH 23D2EH 00000H XCF                    DATA
 23D2EH 23D2EH 00000H XCFE                   DATA
 23D2EH 23D2EH 00000H _CONST                 CONST
 23D2EH 24235H 00508H CONST                  CONST
 24236H 24236H 00000H _MSG                   MSG
 24236H 2423DH 00008H HDR                    MSG
 2423EH 243B3H 00176H MSG                    MSG
 243B4H 243DAH 00027H PAD                    MSG
 243DBH 243DBH 00001H EPAD                   MSG
 243E0H 243E0H 00000H _BEGBSS                BEGBSS
 243E0H 243E0H 00000H _BSS                   BSS
 243E0H 243E0H 00000H XOB                    BSS
 243E0H 243E0H 00000H XO                     BSS
 243E0H 243E0H 00000H XOE                    BSS
 243E0H 243E0H 00000H _ENDBSS                ENDBSS
 243E0H 24BDFH 00800H STACK                  STACK

 Origin   Group
 20DA:0   DGROUP

Program entry point at 1D63:000C

Unresolved externals:


NBRDRV in file(s):
 TEST.OBJ(TEST)
