
 Start  Stop   Length Name                   Class
 00000H 00BE2H 00BE3H SETUP                  CODE
 00BF0H 04001H 03412H OPENING                CODE
 04010H 0427AH 0026BH STATUS                 CODE
 04280H 042ADH 0002EH _PROG                  CODE
 042AEH 050ACH 00DFFH DRIVERS_TEXT           CODE
 050ADH 055B4H 00508H ASUPPORT_TEXT          CODE
 055B6H 05723H 0016EH ALLOC_TEXT             CODE
 05724H 05829H 00106H NET_TEXT               CODE
 0582AH 05A5AH 00231H FILESYS_TEXT           CODE
 05A5CH 06CF3H 01298H ERRSYS_TEXT            CODE
 06CF4H 085AFH 018BCH MAIN_TEXT              CODE
 085B0H 09901H 01352H STACK_TEXT             CODE
 09902H 0B37BH 01A7AH OPS_TEXT               CODE
 0B37CH 10343H 04FC8H DB_TEXT                CODE
 10344H 108F9H 005B6H DBSDF_TEXT             CODE
 108FAH 10B9DH 002A4H DBMEMO_TEXT            CODE
 10B9EH 1119FH 00602H SYMSYS_TEXT            CODE
 111A0H 1173FH 005A0H MEMSYS_TEXT            CODE
 11740H 120D5H 00996H SET_TEXT               CODE
 120D6H 132A5H 011D0H REEF_TEXT              CODE
 132A6H 13A5FH 007BAH DISKIO_TEXT            CODE
 13A60H 160C9H 0266AH NTX_TEXT               CODE
 160CAH 16F25H 00E5CH ICREATE_TEXT           CODE
 16F26H 19247H 02322H MACRO_TEXT             CODE
 19248H 1DA05H 047BEH TERM_TEXT              CODE
 1DA06H 1DC94H 0028FH NATION_TEXT            CODE
 1DC96H 1F247H 015B2H CSUPPORT_TEXT          CODE
 1F248H 1F9A1H 0075AH SORT_TEXT              CODE
 1F9A2H 2050BH 00B6AH SORTOF_TEXT            CODE
 2050CH 20B4DH 00642H EXTEND_TEXT            CODE
 20B4EH 20B5BH 0000EH NDEBUG_TEXT            CODE
 20B5CH 21A82H 00F27H PLANKTON_TEXT          CODE
 21A84H 21A84H 00000H ALGAE_TEXT             CODE
 21A84H 21A9EH 0001BH SEGJUNK_TEXT           CODE
 21AA0H 21AC9H 0002AH ERRORSYS               CODE
 21AD0H 21B5CH 0008DH EXPR_ERROR             CODE
 21B60H 21BEDH 0008EH UNDEF_ERRO             CODE
 21BF0H 21C70H 00081H MISC_ERROR             CODE
 21C80H 21D9BH 0011CH OPEN_ERROR             CODE
 21DA0H 21E1CH 0007DH DB_ERROR               CODE
 21E20H 21EFBH 000DCH PRINT_ERRO             CODE
 21EFCH 2507EH 03183H _TEXT                  CODE
 25080H 2550BH 0048CH DVC_TEXT               CODE
 2550CH 2550CH 00000H C_ETEXT                ENDCODE
 25510H 25510H 00000H _SYMSTART              SYMSTART
 25510H 2565FH 00150H SYMBOLS                SYMBOLS
 25660H 2576FH 00110H SYMBOLS                SYMBOLS
 25770H 25770H 00000H _SYMEND                SYMEND
 25770H 25770H 00000H _FAR_DATA              FAR_DATA
 25770H 25770H 00000H _FAR_BSS               FAR_BSS
 25770H 257B1H 00042H NULL                   BEGDATA
 257B2H 28345H 02B94H _DATA                  DATA
 28350H 28351H 00002H DATASG                 DATA
 28360H 2871FH 003C0H $LIB_TABLE             DATA
 28720H 2872DH 0000EH CDATA                  DATA
 2872EH 2872EH 00000H XIFB                   DATA
 2872EH 2872EH 00000H XIF                    DATA
 2872EH 2872EH 00000H XIFE                   DATA
 2872EH 2872EH 00000H XIB                    DATA
 2872EH 2872EH 00000H XI                     DATA
 2872EH 2872EH 00000H XIE                    DATA
 2872EH 2872EH 00000H XPB                    DATA
 2872EH 2872EH 00000H XP                     DATA
 2872EH 2872EH 00000H XPE                    DATA
 2872EH 2872EH 00000H XCB                    DATA
 2872EH 2872EH 00000H XC                     DATA
 2872EH 2872EH 00000H XCE                    DATA
 2872EH 2872EH 00000H XCFB                   DATA
 2872EH 2872EH 00000H XCF                    DATA
 2872EH 2872EH 00000H XCFE                   DATA
 2872EH 2872EH 00000H _CONST                 CONST
 2872EH 28C35H 00508H CONST                  CONST
 28C36H 28C36H 00000H _MSG                   MSG
 28C36H 28C3DH 00008H HDR                    MSG
 28C3EH 28DB3H 00176H MSG                    MSG
 28DB4H 28DDAH 00027H PAD                    MSG
 28DDBH 28DDBH 00001H EPAD                   MSG
 28DE0H 28DE0H 00000H _BEGBSS                BEGBSS
 28DE0H 28DE0H 00000H _BSS                   BSS
 28DE0H 28DE0H 00000H XOB                    BSS
 28DE0H 28DE0H 00000H XO                     BSS
 28DE0H 28DE0H 00000H XOE                    BSS
 28DE0H 28DE0H 00000H _ENDBSS                ENDBSS
 28DE0H 295DFH 00800H STACK                  STACK

 Origin   Group
 2577:0   DGROUP

Program entry point at 21EF:000C
